
SPECjvm2008 Base
  Properties file:   none
  Benchmarks:        compress

  WARNING: Run will not be compliant.
  Not a compliant sequence of benchmarks for publication.

  Kit signature and checksum is validated.
  This can take several minutes.
  Use argument '-ikv' to skip this.
  ....................................passed.

--- --- --- --- --- --- --- --- ---

  Benchmark:   check
  Run mode:    static run
  Test type:   functional
  Threads:     1
  Iterations:  1
  Run length:  1 operation

Iteration 1 (1 operation) begins: Thu Oct 01 18:19:57 CST 2026
Iteration 1 (1 operation) ends:   Thu Oct 01 18:19:57 CST 2026
Iteration 1 (1 operation) result: PASSED

Valid run!


--- --- --- --- --- --- --- --- ---

  Benchmark:   compress
  Run mode:    timed run
  Test type:   multi
  Threads:     22
  Warmup:      120s
  Iterations:  1
  Run length:  240s

Warmup (120s) begins: Thu Oct 01 18:19:58 CST 2026
Warmup (120s) ends:   Thu Oct 01 18:22:01 CST 2026
Warmup (120s) result: 678.14 ops/m

Iteration 1 (240s) begins: Thu Oct 01 18:22:01 CST 2026
Iteration 1 (240s) ends:   Thu Oct 01 18:26:04 CST 2026
Iteration 1 (240s) result: 711.79 ops/m

Valid run!
Score on compress: 711.79 ops/m

Results are stored in: 
/home/addaswsw/.local/opt/specjvm2008/results/SPECjvm2008.018/SPECjvm2008.018.raw
Generating reports in:
/home/addaswsw/.local/opt/specjvm2008/results/SPECjvm2008.018

Noncompliant composite result: 711.79 ops/m
