Oct 01, 2026 12:21:12 AM sun.awt.X11FontManager registerFontDir
INFO: ParseFontDir /home/addaswsw/.local/opt/java-se-7u75-ri/jre/lib/fonts
Oct 01, 2026 12:21:12 AM sun.awt.FontConfiguration <init>
INFO: Creating standard Font Configuration
Oct 01, 2026 12:21:12 AM sun.awt.FontConfiguration <init>
INFO: Creating standard Font Configuration
Oct 01, 2026 12:21:12 AM sun.font.FontConfigManager initFontConfigFonts
INFO: Fontconfig returned no font for sans:regular:roman
Oct 01, 2026 12:21:12 AM sun.font.FontConfigManager initFontConfigFonts
INFO: Fontconfig returned no font for sans:bold:roman
Oct 01, 2026 12:21:12 AM sun.font.FontConfigManager initFontConfigFonts
INFO: Fontconfig returned no font for sans:regular:italic
Oct 01, 2026 12:21:12 AM sun.font.FontConfigManager initFontConfigFonts
INFO: Fontconfig returned no font for sans:bold:italic
Oct 01, 2026 12:21:12 AM sun.font.FontConfigManager initFontConfigFonts
INFO: Fontconfig returned no font for serif:regular:roman
Oct 01, 2026 12:21:12 AM sun.font.FontConfigManager initFontConfigFonts
INFO: Fontconfig returned no font for serif:bold:roman
Oct 01, 2026 12:21:12 AM sun.font.FontConfigManager initFontConfigFonts
INFO: Fontconfig returned no font for serif:regular:italic
Oct 01, 2026 12:21:12 AM sun.font.FontConfigManager initFontConfigFonts
INFO: Fontconfig returned no font for serif:bold:italic
Oct 01, 2026 12:21:12 AM sun.font.FontConfigManager initFontConfigFonts
INFO: Fontconfig returned no font for monospace:regular:roman
Oct 01, 2026 12:21:12 AM sun.font.FontConfigManager initFontConfigFonts
INFO: Fontconfig returned no font for monospace:bold:roman
Oct 01, 2026 12:21:12 AM sun.font.FontConfigManager initFontConfigFonts
INFO: Fontconfig returned no font for monospace:regular:italic
Oct 01, 2026 12:21:12 AM sun.font.FontConfigManager initFontConfigFonts
INFO: Fontconfig returned no font for monospace:bold:italic
Oct 01, 2026 12:21:12 AM sun.font.FontConfigManager initFontConfigFonts
INFO: Fontconfig returned no fonts at all.
Oct 01, 2026 12:21:12 AM sun.font.FcFontConfiguration warning
WARNING: Failed to get info from libfontconfig
Oct 01, 2026 12:21:12 AM sun.font.FcFontConfiguration warning
WARNING: Failed to get info from libfontconfig
Exception in thread "main" java.lang.NullPointerException
	at sun.awt.X11FontManager.getDefaultPlatformFont(X11FontManager.java:779)
	at sun.font.SunFontManager$2.run(SunFontManager.java:433)
	at java.security.AccessController.doPrivileged(Native Method)
	at sun.font.SunFontManager.<init>(SunFontManager.java:376)
	at sun.awt.X11FontManager.<init>(X11FontManager.java:32)
	at sun.reflect.NativeConstructorAccessorImpl.newInstance0(Native Method)
	at sun.reflect.NativeConstructorAccessorImpl.newInstance(NativeConstructorAccessorImpl.java:57)
	at sun.reflect.DelegatingConstructorAccessorImpl.newInstance(DelegatingConstructorAccessorImpl.java:45)
	at java.lang.reflect.Constructor.newInstance(Constructor.java:526)
	at java.lang.Class.newInstance(Class.java:379)
	at sun.font.FontManagerFactory$1.run(FontManagerFactory.java:83)
	at java.security.AccessController.doPrivileged(Native Method)
	at sun.font.FontManagerFactory.getInstance(FontManagerFactory.java:74)
	at java.awt.Font.getFont2D(Font.java:490)
	at java.awt.Font.access$000(Font.java:224)
	at java.awt.Font$FontAccessImpl.getFont2D(Font.java:228)
	at sun.font.FontUtilities.getFont2D(FontUtilities.java:180)
	at sun.java2d.SunGraphics2D.checkFontInfo(SunGraphics2D.java:634)
	at sun.java2d.SunGraphics2D.getFontInfo(SunGraphics2D.java:795)
	at sun.java2d.pipe.GlyphListPipe.drawString(GlyphListPipe.java:50)
	at sun.java2d.pipe.ValidatePipe.drawString(ValidatePipe.java:165)
	at sun.java2d.SunGraphics2D.drawString(SunGraphics2D.java:2869)
	at FontProbe.main(FontProbe.java:12)
